
> workbookcare@0.1.0 verify:web
> npm run verify --workspace @workbookcare/web


> @workbookcare/web@0.1.0 verify
> npm run test && npm run build


> @workbookcare/web@0.1.0 test
> vitest run


 RUN  v3.2.7 C:/Users/JinwonLee/project/ExcelSaaS/apps/web

 ✓ src/lib/workbookEvidence.test.ts (16 tests) 635ms
   ✓ bounded original evidence, separate from static API and calculation > reads exact frozen complex-file formulas and stored cache without replacing the outlier  329ms
 ✓ src/components/GuidedFlow.test.tsx (11 tests) 942ms
stderr | src/App.reselect.test.tsx > App proposal reselection flow > restarts proposal selection without deleting or reuploading the retained delivery job
Encountered two children with the same key, `FILE_DRAWING_PARTS`. Keys should be unique so that components maintain their identity across updates. Non-unique keys may cause children to be duplicated and/or omitted — the behavior is unsupported and could change in a future version.

stderr | src/App.reselect.test.tsx > App proposal reselection flow > restarts proposal selection without deleting or reuploading the retained delivery job
Encountered two children with the same key, `FILE_DRAWING_PARTS`. Keys should be unique so that components maintain their identity across updates. Non-unique keys may cause children to be duplicated and/or omitted — the behavior is unsupported and could change in a future version.

 ✓ src/App.internal-beta.test.tsx (1 test) 1685ms
   ✓ WorkbookCare internal formula-audit entry > places the separate M4 audit before a long free Finding list after an uploaded scan  1683ms
stderr | src/App.reselect.test.tsx > App proposal reselection flow > restarts proposal selection without deleting or reuploading the retained delivery job
Encountered two children with the same key, `FILE_DRAWING_PARTS`. Keys should be unique so that components maintain their identity across updates. Non-unique keys may cause children to be duplicated and/or omitted — the behavior is unsupported and could change in a future version.

stderr | src/App.reselect.test.tsx > App proposal reselection flow > restarts proposal selection without deleting or reuploading the retained delivery job
Encountered two children with the same key, `FILE_DRAWING_PARTS`. Keys should be unique so that components maintain their identity across updates. Non-unique keys may cause children to be duplicated and/or omitted — the behavior is unsupported and could change in a future version.

stderr | src/App.reselect.test.tsx > App proposal reselection flow > restarts proposal selection without deleting or reuploading the retained delivery job
Encountered two children with the same key, `FILE_DRAWING_PARTS`. Keys should be unique so that components maintain their identity across updates. Non-unique keys may cause children to be duplicated and/or omitted — the behavior is unsupported and could change in a future version.
Encountered two children with the same key, `FILE_DRAWING_PARTS`. Keys should be unique so that components maintain their identity across updates. Non-unique keys may cause children to be duplicated and/or omitted — the behavior is unsupported and could change in a future version.

 ✓ src/components/D01Results.test.tsx (4 tests) 1779ms
   ✓ D01 free diagnosis integration > preserves every leaf, score and full CSV when switching groups/table and keeping filters  748ms
   ✓ D01 free diagnosis integration > group review changes only visible leaf handling, never approval, purchase, storage or requests  579ms
   ✓ D01 free diagnosis integration > separates total/returned/omitted/filtered counts and never calls missing details clean  313ms
stderr | src/App.reselect.test.tsx > App proposal reselection flow > restarts proposal selection without deleting or reuploading the retained delivery job
Encountered two children with the same key, `FILE_DRAWING_PARTS`. Keys should be unique so that components maintain their identity across updates. Non-unique keys may cause children to be duplicated and/or omitted — the behavior is unsupported and could change in a future version.

stderr | src/App.reselect.test.tsx > App proposal reselection flow > restarts proposal selection without deleting or reuploading the retained delivery job
Encountered two children with the same key, `FILE_DRAWING_PARTS`. Keys should be unique so that components maintain their identity across updates. Non-unique keys may cause children to be duplicated and/or omitted — the behavior is unsupported and could change in a future version.

 ✓ src/App.reselect.test.tsx (1 test) 2451ms
   ✓ App proposal reselection flow > restarts proposal selection without deleting or reuploading the retained delivery job  2449ms
 ✓ src/components/FindingGroups.test.tsx (2 tests) 2057ms
   ✓ same-rule finding groups > starts with one collapsed group for 49 findings and exposes all locations on demand  1611ms
   ✓ same-rule finding groups > shows the common title once and retains individual location/evidence/status details  445ms
 ✓ src/components/ProposalFlow.test.tsx (19 tests) 2940ms
   ✓ proposal-led UI contracts, not actual engine evidence > shows an added basket state, undo, and an explicit update when criteria change  367ms
   ✓ proposal-led UI contracts, not actual engine evidence > reveals a polled ready result once even if the execute response also returns ready  701ms
 ✓ src/App.test.tsx (8 tests) 2471ms
   ✓ WorkbookCare landing page > centers the home on free diagnosis and the approved separate-copy journey  416ms
   ✓ WorkbookCare landing page > runs free diagnosis without a premature price and keeps unsupported later steps locked  634ms
   ✓ WorkbookCare landing page > starts a same-session re-validation without keeping the previous workbook file  466ms
   ✓ WorkbookCare landing page > completes a same-session sample re-validation and exposes continuing finding locations  642ms
stderr | src/App.navigation.test.tsx
Error: Not implemented: navigation (except hash changes)
    at module.exports (C:\Users\JinwonLee\project\ExcelSaaS\node_modules\jsdom\lib\jsdom\browser\not-implemented.js:9:17)
    at navigateFetch (C:\Users\JinwonLee\project\ExcelSaaS\node_modules\jsdom\lib\jsdom\living\window\navigation.js:77:3)
    at exports.navigate (C:\Users\JinwonLee\project\ExcelSaaS\node_modules\jsdom\lib\jsdom\living\window\navigation.js:55:3)
    at Timeout._onTimeout (C:\Users\JinwonLee\project\ExcelSaaS\node_modules\jsdom\lib\jsdom\living\nodes\HTMLHyperlinkElementUtils-impl.js:81:7)
    at listOnTimeout (node:internal/timers:685:17)
    at processTimers (node:internal/timers:618:7) undefined

 ✓ src/App.navigation.test.tsx (14 tests) 2886ms
   ✓ core product navigation and review boundaries > closes the mobile menu with Escape from its toggle or links and returns focus  371ms
   ✓ core product navigation and review boundaries > navigates service pages, marks the current page, handles history and unknown paths  398ms
   ✓ core product navigation and review boundaries > retains review selection, status, filters and expanded evidence across menu navigation without a request  978ms
 ✓ src/App.hosted-beta.test.tsx (7 tests) 4080ms
   ✓ approved protected-beta M4 upload flow > automatically checks the same file and shows four pattern candidates in one results list  1531ms
   ✓ approved protected-beta M4 upload flow > keeps a failed audit visible without replacing the successful free result  377ms
   ✓ approved protected-beta M4 upload flow > discards an older audit after a new file was uploaded  566ms
   ✓ approved protected-beta M4 upload flow > discards a pending audit when the result is reset  352ms
   ✓ approved protected-beta M4 upload flow > opens scope only after diagnosis settles and resets all later tabs for a new file  732ms
 ✓ src/components/UnifiedDiagnosis.test.tsx (4 tests) 766ms
   ✓ D01 integrated structure and pattern diagnosis > uses one list with truthful combined/omitted counts and source filters across table and groups  472ms
 ✓ src/components/M25ResultsPanel.test.tsx (13 tests) 4884ms
   ✓ M2.5 results panel > keeps comparison details and full CSV independent of P1 filters and resets disclosures on a new scan  1086ms
   ✓ M2.5 results panel > shows the completed and unperformed free-scan scope before the result summary  646ms
   ✓ M2.5 results panel > combines filters and distinguishes no matches from a clean scan without changing totals or CSV  527ms
   ✓ M2.5 results panel > opens priority findings across all sheets and statuses and moves keyboard focus to the list heading  361ms
   ✓ M2.5 results panel > updates the filtered work list as a local status changes and preserves status after clearing filters  336ms
   ✓ M2.5 results panel > resets filters when a new scan arrives so new findings cannot be silently hidden  340ms
 ✓ src/components/ScrollFlow.test.tsx (8 tests) 741ms
 ✓ src/components/D01ScanScope.test.tsx (2 tests) 491ms
 ✓ src/components/RevalidationPanel.test.tsx (5 tests) 383ms
 ✓ src/components/RepairReview.test.tsx (3 tests) 351ms
 ✓ src/components/FormulaAuditPanel.test.tsx (3 tests) 328ms
 ✓ src/components/OriginalFormulaComparison.test.tsx (2 tests) 249ms
 ✓ src/components/ProductCards.test.tsx (4 tests) 319ms
 ✓ src/components/FeedbackCapture.test.tsx (1 test) 208ms
 ✓ src/components/LegalPage.test.tsx (2 tests) 204ms
 ✓ src/components/ProposalExample.test.tsx (4 tests) 239ms
 ✓ src/components/ProgressiveFindingViews.test.tsx (2 tests) 88ms
 ✓ src/lib/reveal.test.ts (2 tests) 24ms
 ✓ src/lib/repairProposals.test.ts (8 tests) 19ms
 ✓ src/lib/feedback.test.ts (4 tests) 13ms
 ✓ src/lib/delivery-boundaries.test.ts (9 tests) 7ms
 ✓ src/lib/revalidation.test.ts (3 tests) 5ms
 ✓ src/lib/delivery-network.test.ts (2 tests) 5ms
 ✓ src/lib/diagnosisCsv.test.ts (1 test) 3ms
 ✓ src/lib/api.test.ts (2 tests) 4ms

 Test Files  31 passed (31)
      Tests  167 passed (167)
   Start at  21:22:56
   Duration  22.27s (transform 3.09s, setup 20.96s, collect 24.35s, tests 31.25s, environment 134.17s, prepare 11.21s)


> @workbookcare/web@0.1.0 build
> tsc -b && vite build

vite v6.4.3 building for production...
transforming...
✓ 1630 modules transformed.
rendering chunks...
computing gzip size...
dist/index.html                             1.07 kB │ gzip:   0.62 kB
dist/assets/index-CJMA2Rml.css             74.52 kB │ gzip:  15.83 kB
dist/assets/workbookEvidence-Dw_F_SwO.js    7.21 kB │ gzip:   3.34 kB
dist/assets/index-Ai3vMFQ9.js             371.07 kB │ gzip: 108.08 kB
✓ built in 3.64s

> workbookcare@0.1.0 test:edge
> node --test infra/cloudflare/test/worker.test.mjs

✔ access assertion requires the exact issuer, audience, and RS256 signature (59.7655ms)
✔ signed scan stores an opaque temporary object, forwards a body-bound proof, then deletes it (125.5563ms)
✔ a request without the Access assertion never reaches R2 (0.7064ms)
✔ an over-limit workbook is rejected before it reaches R2 (71.8179ms)
✔ a rate-limited authenticated request never reaches R2 (47.407ms)
✔ feedback persists only an allowlisted value-free Formula Audit record (24.8495ms)
✔ feedback rejects unknown fields and never writes them (36.8779ms)
✔ a rate-limited feedback request never reaches persistence (23.5364ms)
✔ feedback uses a separate non-identity rate-limit key (13.2038ms)
✔ an oversized feedback payload never reaches persistence (23.0845ms)
✔ the retired HMAC-negative route is an API 404 rather than a SPA page (0.4835ms)
✔ temporary upload is deleted after backend-404 (59.2344ms)
✔ temporary upload is deleted after network-error (41.2143ms)
✔ protected beta formula audit uses the existing upload guards and its own signed path (37.1948ms)
✔ delivery uses verified Access owner in v2 proof and rejects forged origin / production (56.6719ms)
✔ two-source delivery preserves both bytes and deletes both private objects on success or partial failure (44.1923ms)
ℹ tests 16
ℹ suites 0
ℹ pass 16
ℹ fail 0
ℹ cancelled 0
ℹ skipped 0
ℹ todo 0
ℹ duration_ms 778.4578
........................................................................ [ 28%]
........................................................................ [ 57%]
........................................................................ [ 86%]
..................................                                       [100%]
============================== warnings summary ===============================
.venv\Lib\site-packages\fastapi\testclient.py:1
  C:\Users\JinwonLee\project\ExcelSaaS\apps\api\.venv\Lib\site-packages\fastapi\testclient.py:1: StarletteDeprecationWarning: Using `httpx` with `starlette.testclient` is deprecated; install `httpx2` instead.
    from starlette.testclient import TestClient as TestClient  # noqa

-- Docs: https://docs.pytest.org/en/stable/how-to/capture-warnings.html
250 passed, 1 warning in 260.58s (0:04:20)
All checks passed!
01_월간매출_관리.xlsx: free scan 0 findings / M4-C audit 4 candidates
02_재고수불_관리.xlsx: free scan 0 findings / M4-C audit 4 candidates
03_미수금_채권관리.xlsx: free scan 49 findings / M4-C audit 4 candidates
04_제품원가_계산.xlsx: free scan 0 findings / M4-C audit 4 candidates
05_예산대비실적.xlsx: free scan 0 findings / M4-C audit 4 candidates
06_급여_초과근무.xlsx: free scan 0 findings / M4-C audit 4 candidates
07_프로젝트_손익관리.xlsx: free scan 0 findings / M4-C audit 4 candidates
08_대출상환_스케줄.xlsx: free scan 0 findings / M4-C audit 4 candidates
09_구독_KPI_관리.xlsx: free scan 0 findings / M4-C audit 4 candidates
10_경영대시보드_정상패턴.xlsx: free scan 0 findings / M4-C audit 0 candidates
M4-C supplied-pack verification passed: 36 exact audit candidates, no extras.
All verification steps passed.
